[2026-08-13 09:32:15] ============================================================
[2026-08-13 09:32:15] 🚀 biz-delivery 智能优化开始
[2026-08-13 09:32:15] ============================================================
[2026-08-13 09:32:15] 
📊 步骤 1: 分析项目状态...
[2026-08-13 09:32:15] 🔍 分析 Skill 质量...
[2026-08-13 09:32:15] 📊 分析测试覆盖率...
[2026-08-13 09:32:20] 🎯 查找专家级问题...
[2026-08-13 09:32:20] 🔍 检查代码重复...
[2026-08-13 09:32:20]    - Skill 数量: 8
[2026-08-13 09:32:20]    - 测试覆盖率: 18%
[2026-08-13 09:32:20]    - 发现问题: 12
[2026-08-13 09:32:20] 
📋 步骤 2: 生成优化计划...
[2026-08-13 09:32:20] 📋 生成优化计划...
[2026-08-13 09:32:20]    - 优先级问题: 10
[2026-08-13 09:32:20]    - 优化任务: 2
[2026-08-13 09:32:20] 
⚡ 步骤 3: 执行优化...
[2026-08-13 09:32:20] ⚡ 执行优化...
[2026-08-13 09:32:20]   执行任务: 提升测试覆盖率
[2026-08-13 09:32:24]   执行任务: 补充 Skill 文档
[2026-08-13 09:32:24]    - 执行任务: 2
[2026-08-13 09:32:24]    - 成功: True
[2026-08-13 09:32:24] 
💾 步骤 4: 保存优化历史...
[2026-08-13 09:32:24] ✅ 已保存优化历史到 /Users/yanping.ma/biz-delivery/OPTIMIZATION_HISTORY.md
[2026-08-13 09:32:24] 
============================================================
[2026-08-13 09:32:24] ✅ 优化完成
[2026-08-13 09:32:24] ============================================================
